============================= test session starts =============================
platform win32 -- Python 3.12.10, pytest-8.4.1, pluggy-1.6.0
rootdir: C:\Users\osval\Downloads\APP_Jupter
configfile: pyproject.toml
plugins: anyio-4.11.0
collected 0 items / 1 error

=================================== ERRORS ====================================
__________________ ERROR collecting tests/test_api_neo4j.py ___________________
ImportError while importing test module 'C:\Users\osval\Downloads\APP_Jupter\tests\test_api_neo4j.py'.
Hint: make sure your test modules/packages have valid Python names.
Traceback:
..\..\AppData\Local\Programs\Python\Python312\Lib\importlib\__init__.py:90: in import_module
    return _bootstrap._gcd_import(name[level:], package, level)
           ^^^^^^^^^^^^^^^^^^^^^^^^^^^^^^^^^^^^^^^^^^^^^^^^^^^^
tests\test_api_neo4j.py:14: in <module>
    from backend import app as backend_app
backend\app.py:27: in <module>
    from jose import jwt
E   ModuleNotFoundError: No module named 'jose'
=========================== short test summary info ===========================
ERROR tests/test_api_neo4j.py
!!!!!!!!!!!!!!!!!!! Interrupted: 1 error during collection !!!!!!!!!!!!!!!!!!!!
============================== 1 error in 2.26s ===============================
